// Jest Snapshot v1, https://goo.gl/fbAQLP

exports[`<Header /> matches the snapshot 1`] = `
<header
  className="flex_centered"
  data-test="header"
>
  <h1
    className="header_title"
  >
    Summing
    <span>
      Grid
    </span>
  </h1>
</header>
`;
