// Jest Snapshot v1, https://goo.gl/fbAQLP

exports[`<App /> matches the snapshot 1`] = `
<div
  className="app"
  data-test="app"
>
  <Header />
  <main
    className="main_container"
  >
    <ErrorBoundary>
      <SumWidgetContainer />
    </ErrorBoundary>
  </main>
</div>
`;
